22:16:44 **** Auto Build of configuration Debug for project lab_3 ****
make pre-build main-build 
a9-linaro-pre-build-step
' '
'Building file: ../src/lab_3_tb.c'
'Invoking: ARM v7 gcc compiler'
arm-none-eabi-gcc -Wall -O0 -g3 -c -fmessage-length=0 -MT"src/lab_3_tb.o" -mcpu=cortex-a9 -mfpu=vfpv3 -mfloat-abi=hard -I../../lab_3_bsp/ps7_cortexa9_0/include -MMD -MP -MF"src/lab_3_tb.d" -MT"src/lab_3_tb.o" -o "src/lab_3_tb.o" "../src/lab_3_tb.c"
'Finished building: ../src/lab_3_tb.c'
' '
'Building target: lab_3.elf'
'Invoking: ARM v7 gcc linker'
arm-none-eabi-gcc -mcpu=cortex-a9 -mfpu=vfpv3 -mfloat-abi=hard -Wl,-build-id=none -specs=Xilinx.spec -Wl,-T -Wl,../src/lscript.ld -L../../lab_3_bsp/ps7_cortexa9_0/lib -o "lab_3.elf"  ./src/lab_3_tb.o   -Wl,--start-group,-lxil,-lgcc,-lc,--end-group
'Finished building target: lab_3.elf'
' '
'Invoking: ARM v7 Print Size'
arm-none-eabi-size lab_3.elf  |tee "lab_3.elf.size"
   text	   data	    bss	    dec	    hex	filename
  70432	   2580	  23328	  96340	  17854	lab_3.elf
'Finished building: lab_3.elf.size'
' '

22:16:47 Build Finished (took 3s.88ms)

